Component: ARM Compiler 5.06 (build 20) Tool: armlink [4d35a3]

==============================================================================

Section Cross References

    startup_stm32f429_439xx.o(RESET) refers to startup_stm32f429_439xx.o(STACK) for __initial_sp
    startup_stm32f429_439xx.o(RESET) refers to startup_stm32f429_439xx.o(.text) for Reset_Handler
    startup_stm32f429_439xx.o(RESET) refers to stm32f4xx_it.o(.text) for NMI_Handler
    startup_stm32f429_439xx.o(RESET) refers to usb_bsp.o(.text) for OTG_HS_EP1_OUT_IRQHandler
    startup_stm32f429_439xx.o(.text) refers to system_stm32f4xx.o(.text) for SystemInit
    startup_stm32f429_439xx.o(.text) refers to entry.o(.ARM.Collect$$$$00000000) for __main
    stm32f4xx_rcc.o(.text) refers to stm32f4xx_rcc.o(.data) for .data
    stm32f4xx_gpio.o(.text) refers to stm32f4xx_rcc.o(.text) for RCC_AHB1PeriphResetCmd
    tm_stm32f4_delay.o(.text) refers to stm32f4xx_rcc.o(.text) for RCC_HSEConfig
    tm_stm32f4_delay.o(.text) refers to tm_stm32f4_delay.o(.data) for .data
    tm_stm32f4_delay.o(.text) refers to system_stm32f4xx.o(.data) for SystemCoreClock
    tm_stm32f4_disco.o(.text) refers to stm32f4xx_rcc.o(.text) for RCC_AHB1PeriphClockCmd
    tm_stm32f4_disco.o(.text) refers to stm32f4xx_gpio.o(.text) for GPIO_Init
    tm_stm32f4_disco.o(.text) refers to tm_stm32f4_disco.o(.data) for .data
    tm_stm32f4_gpio.o(.text) refers to stm32f4xx_gpio.o(.text) for GPIO_Init
    tm_stm32f4_gpio.o(.text) refers to tm_stm32f4_gpio.o(.data) for .data
    tm_stm32f4_usb_hid_device.o(.text) refers to usbd_core.o(.text) for USBD_Init
    tm_stm32f4_usb_hid_device.o(.text) refers to usbd_hid_core.o(.text) for USBD_HID_SendReport
    tm_stm32f4_usb_hid_device.o(.text) refers to usbd_usr.o(.data) for USR_cb
    tm_stm32f4_usb_hid_device.o(.text) refers to usbd_hid_core.o(.data) for USBD_HID_cb
    tm_stm32f4_usb_hid_device.o(.text) refers to usbd_desc.o(.data) for USR_desc
    tm_stm32f4_usb_hid_device.o(.text) refers to usbd_usr.o(.bss) for USB_OTG_dev
    tm_stm32f4_usb_hid_device.o(.text) refers to usbd_usr.o(.data) for TM_USB_HIDDEVICE_INT_Status
    stm32f4xx_it.o(.text) refers to tm_stm32f4_delay.o(.text) for TimingDelay_Decrement
    system_stm32f4xx.o(.text) refers to system_stm32f4xx.o(.data) for .data
    main.o(.text) refers to system_stm32f4xx.o(.text) for SystemInit
    main.o(.text) refers to tm_stm32f4_disco.o(.text) for TM_DISCO_LedInit
    main.o(.text) refers to tm_stm32f4_delay.o(.text) for TM_DELAY_Init
    main.o(.text) refers to tm_stm32f4_usb_hid_device.o(.text) for TM_USB_HIDDEVICE_Init
    usb_bsp.o(.text) refers to stm32f4xx_rcc.o(.text) for RCC_AHB1PeriphClockCmd
    usb_bsp.o(.text) refers to stm32f4xx_gpio.o(.text) for GPIO_Init
    usb_bsp.o(.text) refers to stm32f4xx_exti.o(.text) for EXTI_ClearITPendingBit
    usb_bsp.o(.text) refers to misc.o(.text) for NVIC_Init
    usb_bsp.o(.text) refers to usb_core.o(.text) for USB_OTG_UngateClock
    usb_bsp.o(.text) refers to usb_dcd_int.o(.text) for USBD_OTG_ISR_Handler
    usb_bsp.o(.text) refers to usbd_usr.o(.bss) for USB_OTG_dev
    usb_core.o(.text) refers to usb_bsp.o(.text) for USB_OTG_BSP_uDelay
    usb_dcd.o(.text) refers to usb_core.o(.text) for USB_OTG_SelectCore
    usb_dcd.o(.text) refers to usb_bsp.o(.text) for USB_OTG_BSP_mDelay
    usb_dcd_int.o(.text) refers to usb_core.o(.text) for USB_OTG_WritePacket
    usb_dcd_int.o(.text) refers to usbd_core.o(.data) for USBD_DCD_INT_fops
    usbd_core.o(.text) refers to usb_bsp.o(.text) for USB_OTG_BSP_Init
    usbd_core.o(.text) refers to usb_dcd.o(.text) for DCD_Init
    usbd_core.o(.text) refers to usbd_req.o(.text) for USBD_ParseSetupRequest
    usbd_core.o(.text) refers to usbd_ioreq.o(.text) for USBD_CtlContinueRx
    usbd_core.o(.text) refers to usbd_core.o(.data) for .data
    usbd_core.o(.data) refers to usbd_core.o(.text) for USBD_DataOutStage
    usbd_core.o(.data) refers to usbd_core.o(.data) for USBD_DCD_INT_cb
    usbd_desc.o(.text) refers to usbd_req.o(.text) for USBD_GetString
    usbd_desc.o(.text) refers to usbd_desc.o(.data) for .data
    usbd_desc.o(.text) refers to usbd_req.o(.bss) for USBD_StrDesc
    usbd_desc.o(.data) refers to usbd_desc.o(.text) for USBD_USR_DeviceDescriptor
    usbd_hid_core.o(.text) refers to usb_dcd.o(.text) for DCD_EP_Open
    usbd_hid_core.o(.text) refers to usbd_req.o(.text) for USBD_CtlError
    usbd_hid_core.o(.text) refers to usbd_ioreq.o(.text) for USBD_CtlSendData
    usbd_hid_core.o(.text) refers to usbd_hid_core.o(.data) for .data
    usbd_hid_core.o(.data) refers to usbd_hid_core.o(.text) for USBD_HID_Init
    usbd_ioreq.o(.text) refers to usb_dcd.o(.text) for DCD_EP_Tx
    usbd_ioreq.o(.text) refers to usb_core.o(.text) for USB_OTG_EP0_OutStart
    usbd_req.o(.text) refers to usb_dcd.o(.text) for DCD_EP_Stall
    usbd_req.o(.text) refers to usb_core.o(.text) for USB_OTG_EP0_OutStart
    usbd_req.o(.text) refers to usbd_core.o(.text) for USBD_ClrCfg
    usbd_req.o(.text) refers to usbd_ioreq.o(.text) for USBD_CtlSendStatus
    usbd_req.o(.text) refers to usbd_req.o(.data) for .data
    usbd_req.o(.text) refers to usbd_desc.o(.data) for USBD_DeviceQualifierDesc
    usbd_req.o(.text) refers to usbd_core.o(.data) for SET_TEST_MODE
    usbd_usr.o(.text) refers to usbd_usr.o(.data) for .data
    usbd_usr.o(.data) refers to usbd_usr.o(.text) for USBD_USR_Init
    entry.o(.ARM.Collect$$$$00000000) refers (Special) to entry10a.o(.ARM.Collect$$$$0000000D) for __rt_final_cpp
    entry.o(.ARM.Collect$$$$00000000) refers (Special) to entry11a.o(.ARM.Collect$$$$0000000F) for __rt_final_exit
    entry.o(.ARM.Collect$$$$00000000) refers (Special) to entry7b.o(.ARM.Collect$$$$00000008) for _main_clock
    entry.o(.ARM.Collect$$$$00000000) refers (Special) to entry8b.o(.ARM.Collect$$$$0000000A) for _main_cpp_init
    entry.o(.ARM.Collect$$$$00000000) refers (Special) to entry9a.o(.ARM.Collect$$$$0000000B) for _main_init
    entry.o(.ARM.Collect$$$$00000000) refers (Special) to entry5.o(.ARM.Collect$$$$00000004) for _main_scatterload
    entry.o(.ARM.Collect$$$$00000000) refers (Special) to entry2.o(.ARM.Collect$$$$00000001) for _main_stk
    entry2.o(.ARM.Collect$$$$00000001) refers to entry2.o(.ARM.Collect$$$$00002712) for __lit__00000000
    entry2.o(.ARM.Collect$$$$00002712) refers to startup_stm32f429_439xx.o(STACK) for __initial_sp
    entry2.o(__vectab_stack_and_reset_area) refers to startup_stm32f429_439xx.o(STACK) for __initial_sp
    entry2.o(__vectab_stack_and_reset_area) refers to entry.o(.ARM.Collect$$$$00000000) for __main
    entry5.o(.ARM.Collect$$$$00000004) refers to init.o(.text) for __scatterload
    entry9a.o(.ARM.Collect$$$$0000000B) refers to main.o(.text) for main
    entry9b.o(.ARM.Collect$$$$0000000C) refers to main.o(.text) for main
    init.o(.text) refers to entry5.o(.ARM.Collect$$$$00000004) for __main_after_scatterload


==============================================================================

Removing Unused input sections from the image.

    Removing startup_stm32f429_439xx.o(HEAP), (512 bytes).
    Removing misc.o(.rev16_text), (4 bytes).
    Removing misc.o(.revsh_text), (4 bytes).
    Removing misc.o(.rrx_text), (6 bytes).
    Removing stm32f4xx_rcc.o(.rev16_text), (4 bytes).
    Removing stm32f4xx_rcc.o(.revsh_text), (4 bytes).
    Removing stm32f4xx_rcc.o(.rrx_text), (6 bytes).
    Removing stm32f4xx_gpio.o(.rev16_text), (4 bytes).
    Removing stm32f4xx_gpio.o(.revsh_text), (4 bytes).
    Removing stm32f4xx_gpio.o(.rrx_text), (6 bytes).
    Removing stm32f4xx_exti.o(.rev16_text), (4 bytes).
    Removing stm32f4xx_exti.o(.revsh_text), (4 bytes).
    Removing stm32f4xx_exti.o(.rrx_text), (6 bytes).
    Removing tm_stm32f4_delay.o(.rev16_text), (4 bytes).
    Removing tm_stm32f4_delay.o(.revsh_text), (4 bytes).
    Removing tm_stm32f4_delay.o(.rrx_text), (6 bytes).
    Removing tm_stm32f4_delay.o(.data), (4 bytes).
    Removing tm_stm32f4_disco.o(.rev16_text), (4 bytes).
    Removing tm_stm32f4_disco.o(.revsh_text), (4 bytes).
    Removing tm_stm32f4_disco.o(.rrx_text), (6 bytes).
    Removing tm_stm32f4_gpio.o(.rev16_text), (4 bytes).
    Removing tm_stm32f4_gpio.o(.revsh_text), (4 bytes).
    Removing tm_stm32f4_gpio.o(.rrx_text), (6 bytes).
    Removing tm_stm32f4_gpio.o(.text), (488 bytes).
    Removing tm_stm32f4_gpio.o(.data), (8 bytes).
    Removing tm_stm32f4_usb_hid_device.o(.rev16_text), (4 bytes).
    Removing tm_stm32f4_usb_hid_device.o(.revsh_text), (4 bytes).
    Removing tm_stm32f4_usb_hid_device.o(.rrx_text), (6 bytes).
    Removing stm32f4xx_it.o(.rev16_text), (4 bytes).
    Removing stm32f4xx_it.o(.revsh_text), (4 bytes).
    Removing stm32f4xx_it.o(.rrx_text), (6 bytes).
    Removing system_stm32f4xx.o(.rev16_text), (4 bytes).
    Removing system_stm32f4xx.o(.revsh_text), (4 bytes).
    Removing system_stm32f4xx.o(.rrx_text), (6 bytes).
    Removing main.o(.rev16_text), (4 bytes).
    Removing main.o(.revsh_text), (4 bytes).
    Removing main.o(.rrx_text), (6 bytes).
    Removing usb_bsp.o(.rev16_text), (4 bytes).
    Removing usb_bsp.o(.revsh_text), (4 bytes).
    Removing usb_bsp.o(.rrx_text), (6 bytes).
    Removing usb_core.o(.rev16_text), (4 bytes).
    Removing usb_core.o(.revsh_text), (4 bytes).
    Removing usb_core.o(.rrx_text), (6 bytes).
    Removing usb_dcd.o(.rev16_text), (4 bytes).
    Removing usb_dcd.o(.revsh_text), (4 bytes).
    Removing usb_dcd.o(.rrx_text), (6 bytes).
    Removing usb_dcd_int.o(.rev16_text), (4 bytes).
    Removing usb_dcd_int.o(.revsh_text), (4 bytes).
    Removing usb_dcd_int.o(.rrx_text), (6 bytes).
    Removing usbd_core.o(.rev16_text), (4 bytes).
    Removing usbd_core.o(.revsh_text), (4 bytes).
    Removing usbd_core.o(.rrx_text), (6 bytes).
    Removing usbd_desc.o(.rev16_text), (4 bytes).
    Removing usbd_desc.o(.revsh_text), (4 bytes).
    Removing usbd_desc.o(.rrx_text), (6 bytes).
    Removing usbd_hid_core.o(.rev16_text), (4 bytes).
    Removing usbd_hid_core.o(.revsh_text), (4 bytes).
    Removing usbd_hid_core.o(.rrx_text), (6 bytes).
    Removing usbd_ioreq.o(.rev16_text), (4 bytes).
    Removing usbd_ioreq.o(.revsh_text), (4 bytes).
    Removing usbd_ioreq.o(.rrx_text), (6 bytes).
    Removing usbd_req.o(.rev16_text), (4 bytes).
    Removing usbd_req.o(.revsh_text), (4 bytes).
    Removing usbd_req.o(.rrx_text), (6 bytes).
    Removing usbd_usr.o(.rev16_text), (4 bytes).
    Removing usbd_usr.o(.revsh_text), (4 bytes).
    Removing usbd_usr.o(.rrx_text), (6 bytes).

67 unused section(s) (total 1306 bytes) removed from the image.

==============================================================================

Image Symbol Table

    Local Symbols

    Symbol Name                              Value     Ov Type        Size  Object(Section)

    ../clib/../cmprslib/zerorunl2.c          0x00000000   Number         0  __dczerorl2.o ABSOLUTE
    ../clib/microlib/init/entry.s            0x00000000   Number         0  entry5.o ABSOLUTE
    ../clib/microlib/init/entry.s            0x00000000   Number         0  entry9a.o ABSOLUTE
    ../clib/microlib/init/entry.s            0x00000000   Number         0  entry8a.o ABSOLUTE
    ../clib/microlib/init/entry.s            0x00000000   Number         0  entry7b.o ABSOLUTE
    ../clib/microlib/init/entry.s            0x00000000   Number         0  entry7a.o ABSOLUTE
    ../clib/microlib/init/entry.s            0x00000000   Number         0  entry11b.o ABSOLUTE
    ../clib/microlib/init/entry.s            0x00000000   Number         0  entry9b.o ABSOLUTE
    ../clib/microlib/init/entry.s            0x00000000   Number         0  entry11a.o ABSOLUTE
    ../clib/microlib/init/entry.s            0x00000000   Number         0  entry2.o ABSOLUTE
    ../clib/microlib/init/entry.s            0x00000000   Number         0  entry8b.o ABSOLUTE
    ../clib/microlib/init/entry.s            0x00000000   Number         0  entry10a.o ABSOLUTE
    ../clib/microlib/init/entry.s            0x00000000   Number         0  entry10b.o ABSOLUTE
    ../clib/microlib/init/entry.s            0x00000000   Number         0  entry.o ABSOLUTE
    ..\00-STM32F429_LIBRARIES\tm_stm32f4_delay.c 0x00000000   Number         0  tm_stm32f4_delay.o ABSOLUTE
    ..\00-STM32F429_LIBRARIES\tm_stm32f4_disco.c 0x00000000   Number         0  tm_stm32f4_disco.o ABSOLUTE
    ..\00-STM32F429_LIBRARIES\tm_stm32f4_gpio.c 0x00000000   Number         0  tm_stm32f4_gpio.o ABSOLUTE
    ..\00-STM32F4xx_STANDARD_PERIPHERAL_DRIVERS\CMSIS\Device\ST\STM32F4xx\Source\Templates\arm\startup_stm32f429_439xx.s 0x00000000   Number         0  startup_stm32f429_439xx.o ABSOLUTE
    ..\00-STM32F4xx_STANDARD_PERIPHERAL_DRIVERS\STM32F4xx_StdPeriph_Driver\src\misc.c 0x00000000   Number         0  misc.o ABSOLUTE
    ..\00-STM32F4xx_STANDARD_PERIPHERAL_DRIVERS\STM32F4xx_StdPeriph_Driver\src\stm32f4xx_exti.c 0x00000000   Number         0  stm32f4xx_exti.o ABSOLUTE
    ..\00-STM32F4xx_STANDARD_PERIPHERAL_DRIVERS\STM32F4xx_StdPeriph_Driver\src\stm32f4xx_gpio.c 0x00000000   Number         0  stm32f4xx_gpio.o ABSOLUTE
    ..\00-STM32F4xx_STANDARD_PERIPHERAL_DRIVERS\STM32F4xx_StdPeriph_Driver\src\stm32f4xx_rcc.c 0x00000000   Number         0  stm32f4xx_rcc.o ABSOLUTE
    ..\\00-STM32F429_LIBRARIES\\tm_stm32f4_delay.c 0x00000000   Number         0  tm_stm32f4_delay.o ABSOLUTE
    ..\\00-STM32F429_LIBRARIES\\tm_stm32f4_disco.c 0x00000000   Number         0  tm_stm32f4_disco.o ABSOLUTE
    ..\\00-STM32F429_LIBRARIES\\tm_stm32f4_gpio.c 0x00000000   Number         0  tm_stm32f4_gpio.o ABSOLUTE
    ..\\00-STM32F4xx_STANDARD_PERIPHERAL_DRIVERS\\STM32F4xx_StdPeriph_Driver\\src\\misc.c 0x00000000   Number         0  misc.o ABSOLUTE
    ..\\00-STM32F4xx_STANDARD_PERIPHERAL_DRIVERS\\STM32F4xx_StdPeriph_Driver\\src\\stm32f4xx_exti.c 0x00000000   Number         0  stm32f4xx_exti.o ABSOLUTE
    ..\\00-STM32F4xx_STANDARD_PERIPHERAL_DRIVERS\\STM32F4xx_StdPeriph_Driver\\src\\stm32f4xx_gpio.c 0x00000000   Number         0  stm32f4xx_gpio.o ABSOLUTE
    ..\\00-STM32F4xx_STANDARD_PERIPHERAL_DRIVERS\\STM32F4xx_StdPeriph_Driver\\src\\stm32f4xx_rcc.c 0x00000000   Number         0  stm32f4xx_rcc.o ABSOLUTE
    ..\\tm_stm32fusb_hid_device\\main.c      0x00000000   Number         0  main.o ABSOLUTE
    ..\\tm_stm32fusb_hid_device\\tm_stm32f4_usb_hid_device.c 0x00000000   Number         0  tm_stm32f4_usb_hid_device.o ABSOLUTE
    ..\\tm_stm32fusb_hid_device\\usb_hid_device\\usb_bsp.c 0x00000000   Number         0  usb_bsp.o ABSOLUTE
    ..\\tm_stm32fusb_hid_device\\usb_hid_device\\usb_core.c 0x00000000   Number         0  usb_core.o ABSOLUTE
    ..\\tm_stm32fusb_hid_device\\usb_hid_device\\usb_dcd.c 0x00000000   Number         0  usb_dcd.o ABSOLUTE
    ..\\tm_stm32fusb_hid_device\\usb_hid_device\\usb_dcd_int.c 0x00000000   Number         0  usb_dcd_int.o ABSOLUTE
    ..\\tm_stm32fusb_hid_device\\usb_hid_device\\usbd_core.c 0x00000000   Number         0  usbd_core.o ABSOLUTE
    ..\\tm_stm32fusb_hid_device\\usb_hid_device\\usbd_desc.c 0x00000000   Number         0  usbd_desc.o ABSOLUTE
    ..\\tm_stm32fusb_hid_device\\usb_hid_device\\usbd_hid_core.c 0x00000000   Number         0  usbd_hid_core.o ABSOLUTE
    ..\\tm_stm32fusb_hid_device\\usb_hid_device\\usbd_ioreq.c 0x00000000   Number         0  usbd_ioreq.o ABSOLUTE
    ..\\tm_stm32fusb_hid_device\\usb_hid_device\\usbd_req.c 0x00000000   Number         0  usbd_req.o ABSOLUTE
    ..\\tm_stm32fusb_hid_device\\usb_hid_device\\usbd_usr.c 0x00000000   Number         0  usbd_usr.o ABSOLUTE
    ..\tm_stm32fusb_hid_device\main.c        0x00000000   Number         0  main.o ABSOLUTE
    ..\tm_stm32fusb_hid_device\tm_stm32f4_usb_hid_device.c 0x00000000   Number         0  tm_stm32f4_usb_hid_device.o ABSOLUTE
    ..\tm_stm32fusb_hid_device\usb_hid_device\usb_bsp.c 0x00000000   Number         0  usb_bsp.o ABSOLUTE
    ..\tm_stm32fusb_hid_device\usb_hid_device\usb_core.c 0x00000000   Number         0  usb_core.o ABSOLUTE
    ..\tm_stm32fusb_hid_device\usb_hid_device\usb_dcd.c 0x00000000   Number         0  usb_dcd.o ABSOLUTE
    ..\tm_stm32fusb_hid_device\usb_hid_device\usb_dcd_int.c 0x00000000   Number         0  usb_dcd_int.o ABSOLUTE
    ..\tm_stm32fusb_hid_device\usb_hid_device\usbd_core.c 0x00000000   Number         0  usbd_core.o ABSOLUTE
    ..\tm_stm32fusb_hid_device\usb_hid_device\usbd_desc.c 0x00000000   Number         0  usbd_desc.o ABSOLUTE
    ..\tm_stm32fusb_hid_device\usb_hid_device\usbd_hid_core.c 0x00000000   Number         0  usbd_hid_core.o ABSOLUTE
    ..\tm_stm32fusb_hid_device\usb_hid_device\usbd_ioreq.c 0x00000000   Number         0  usbd_ioreq.o ABSOLUTE
    ..\tm_stm32fusb_hid_device\usb_hid_device\usbd_req.c 0x00000000   Number         0  usbd_req.o ABSOLUTE
    ..\tm_stm32fusb_hid_device\usb_hid_device\usbd_usr.c 0x00000000   Number         0  usbd_usr.o ABSOLUTE
    User\\stm32f4xx_it.c                     0x00000000   Number         0  stm32f4xx_it.o ABSOLUTE
    User\\system_stm32f4xx.c                 0x00000000   Number         0  system_stm32f4xx.o ABSOLUTE
    User\stm32f4xx_it.c                      0x00000000   Number         0  stm32f4xx_it.o ABSOLUTE
    User\system_stm32f4xx.c                  0x00000000   Number         0  system_stm32f4xx.o ABSOLUTE
    dc.s                                     0x00000000   Number         0  dc.o ABSOLUTE
    handlers.s                               0x00000000   Number         0  handlers.o ABSOLUTE
    init.s                                   0x00000000   Number         0  init.o ABSOLUTE
    RESET                                    0x08000000   Section      428  startup_stm32f429_439xx.o(RESET)
    .ARM.Collect$$$$00000000                 0x080001ac   Section        0  entry.o(.ARM.Collect$$$$00000000)
    .ARM.Collect$$$$00000001                 0x080001ac   Section        4  entry2.o(.ARM.Collect$$$$00000001)
    .ARM.Collect$$$$00000004                 0x080001b0   Section        4  entry5.o(.ARM.Collect$$$$00000004)
    .ARM.Collect$$$$00000008                 0x080001b4   Section        0  entry7b.o(.ARM.Collect$$$$00000008)
    .ARM.Collect$$$$0000000A                 0x080001b4   Section        0  entry8b.o(.ARM.Collect$$$$0000000A)
    .ARM.Collect$$$$0000000B                 0x080001b4   Section        8  entry9a.o(.ARM.Collect$$$$0000000B)
    .ARM.Collect$$$$0000000D                 0x080001bc   Section        0  entry10a.o(.ARM.Collect$$$$0000000D)
    .ARM.Collect$$$$0000000F                 0x080001bc   Section        0  entry11a.o(.ARM.Collect$$$$0000000F)
    .ARM.Collect$$$$00002712                 0x080001bc   Section        4  entry2.o(.ARM.Collect$$$$00002712)
    __lit__00000000                          0x080001bc   Data           4  entry2.o(.ARM.Collect$$$$00002712)
    .text                                    0x080001c0   Section       36  startup_stm32f429_439xx.o(.text)
    $v0                                      0x080001c0   Number         0  startup_stm32f429_439xx.o(.text)
    .text                                    0x080001e4   Section        0  misc.o(.text)
    .text                                    0x08000294   Section        0  stm32f4xx_rcc.o(.text)
    .text                                    0x08000718   Section        0  stm32f4xx_gpio.o(.text)
    .text                                    0x08000924   Section        0  stm32f4xx_exti.o(.text)
    .text                                    0x08000a04   Section        0  tm_stm32f4_delay.o(.text)
    .text                                    0x08000aa4   Section        0  tm_stm32f4_disco.o(.text)
    .text                                    0x08000b40   Section        0  tm_stm32f4_usb_hid_device.o(.text)
    .text                                    0x08000e4c   Section        0  stm32f4xx_it.o(.text)
    .text                                    0x08000e68   Section        0  system_stm32f4xx.o(.text)
    SetSysClock                              0x08000e69   Thumb Code   190  system_stm32f4xx.o(.text)
    .text                                    0x08001000   Section        0  main.o(.text)
    .text                                    0x08001094   Section        0  usb_bsp.o(.text)
    .text                                    0x08001268   Section        0  usb_core.o(.text)
    USB_OTG_CoreReset                        0x08001269   Thumb Code    84  usb_core.o(.text)
    .text                                    0x08001bec   Section        0  usb_dcd.o(.text)
    .text                                    0x08001e6c   Section        0  usb_dcd_int.o(.text)
    DCD_WriteEmptyTxFifo                     0x08001eb7   Thumb Code   114  usb_dcd_int.o(.text)
    DCD_HandleInEP_ISR                       0x08001f9d   Thumb Code   198  usb_dcd_int.o(.text)
    DCD_HandleUsbReset_ISR                   0x080021d3   Thumb Code   138  usb_dcd_int.o(.text)
    DCD_HandleRxStatusQueueLevel_ISR         0x0800225d   Thumb Code   130  usb_dcd_int.o(.text)
    DCD_HandleUSBSuspend_ISR                 0x080022df   Thumb Code   102  usb_dcd_int.o(.text)
    DCD_HandleOutEP_ISR                      0x08002345   Thumb Code   164  usb_dcd_int.o(.text)
    .text                                    0x080023f0   Section        0  usbd_core.o(.text)
    USBD_SetupStage                          0x08002429   Thumb Code    72  usbd_core.o(.text)
    USBD_DataOutStage                        0x08002471   Thumb Code   116  usbd_core.o(.text)
    USBD_DataInStage                         0x080024e5   Thumb Code   172  usbd_core.o(.text)
    USBD_Reset                               0x08002591   Thumb Code    46  usbd_core.o(.text)
    USBD_Resume                              0x080025bf   Thumb Code    22  usbd_core.o(.text)
    USBD_Suspend                             0x080025d5   Thumb Code    28  usbd_core.o(.text)
    USBD_SOF                                 0x080025f1   Thumb Code    16  usbd_core.o(.text)
    USBD_IsoINIncomplete                     0x08002629   Thumb Code    14  usbd_core.o(.text)
    USBD_IsoOUTIncomplete                    0x08002637   Thumb Code    14  usbd_core.o(.text)
    USBD_DevConnected                        0x08002645   Thumb Code    22  usbd_core.o(.text)
    USBD_DevDisconnected                     0x0800265b   Thumb Code    32  usbd_core.o(.text)
    .text                                    0x08002680   Section        0  usbd_desc.o(.text)
    .text                                    0x08002788   Section        0  usbd_hid_core.o(.text)
    USBD_HID_Init                            0x08002789   Thumb Code    30  usbd_hid_core.o(.text)
    USBD_HID_DeInit                          0x080027a7   Thumb Code    22  usbd_hid_core.o(.text)
    USBD_HID_Setup                           0x080027bd   Thumb Code   158  usbd_hid_core.o(.text)
    USBD_HID_GetCfgDesc                      0x08002873   Thumb Code    10  usbd_hid_core.o(.text)
    USBD_HID_DataIn                          0x0800287d   Thumb Code    12  usbd_hid_core.o(.text)
    .text                                    0x0800288c   Section        0  usbd_ioreq.o(.text)
    .text                                    0x08002944   Section        0  usbd_req.o(.text)
    USBD_SetConfig                           0x08002961   Thumb Code   110  usbd_req.o(.text)
    USBD_GetDescriptor                       0x080029cf   Thumb Code   288  usbd_req.o(.text)
    USBD_SetFeature                          0x08002d73   Thumb Code   118  usbd_req.o(.text)
    .text                                    0x08002dec   Section        0  usbd_usr.o(.text)
    .text                                    0x08002e28   Section       36  init.o(.text)
    .text                                    0x08002e4c   Section        0  __dczerorl2.o(.text)
    i.__scatterload_copy                     0x08002ea2   Section       14  handlers.o(i.__scatterload_copy)
    i.__scatterload_null                     0x08002eb0   Section        2  handlers.o(i.__scatterload_null)
    i.__scatterload_zeroinit                 0x08002eb2   Section       14  handlers.o(i.__scatterload_zeroinit)
    .data                                    0x20000000   Section       16  stm32f4xx_rcc.o(.data)
    APBAHBPrescTable                         0x20000000   Data          16  stm32f4xx_rcc.o(.data)
    .data                                    0x20000010   Section       16  tm_stm32f4_delay.o(.data)
    .data                                    0x20000020   Section        1  tm_stm32f4_disco.o(.data)
    .data                                    0x20000024   Section       20  system_stm32f4xx.o(.data)
    .data                                    0x20000038   Section       44  usbd_core.o(.data)
    .data                                    0x20000064   Section        4  usbd_core.o(.data)
    .data                                    0x20000068   Section        4  usbd_core.o(.data)
    .data                                    0x2000006c   Section       28  usbd_desc.o(.data)
    .data                                    0x20000088   Section       22  usbd_desc.o(.data)
    .data                                    0x200000a0   Section       10  usbd_desc.o(.data)
    .data                                    0x200000ac   Section       48  usbd_hid_core.o(.data)
    .data                                    0x200000dc   Section      257  usbd_hid_core.o(.data)
    USBD_HID_AltSet                          0x200000dc   Data           4  usbd_hid_core.o(.data)
    USBD_HID_Protocol                        0x200000e0   Data           4  usbd_hid_core.o(.data)
    USBD_HID_IdleState                       0x200000e4   Data           4  usbd_hid_core.o(.data)
    USBD_HID_CfgDesc                         0x200000e8   Data          34  usbd_hid_core.o(.data)
    USBD_HID_Desc                            0x2000010c   Data           9  usbd_hid_core.o(.data)
    HID_MOUSE_ReportDesc                     0x20000118   Data         197  usbd_hid_core.o(.data)
    .data                                    0x200001e0   Section       16  usbd_req.o(.data)
    cfgidx                                   0x200001e0   Data           1  usbd_req.o(.data)
    .data                                    0x200001f0   Section       28  usbd_usr.o(.data)
    .data                                    0x2000020c   Section        1  usbd_usr.o(.data)
    .bss                                     0x20000210   Section       64  usbd_req.o(.bss)
    .bss                                     0x20000250   Section     1524  usbd_usr.o(.bss)
    STACK                                    0x20000848   Section     1024  startup_stm32f429_439xx.o(STACK)

    Global Symbols

    Symbol Name                              Value     Ov Type        Size  Object(Section)

    BuildAttributes$$THM_ISAv4$E$P$D$K$B$S$7EM$VFPi3$EXTD16$VFPS$VFMA$PE$A:L22UL41UL21$X:L11$S22US41US21$IEEE1$IW$USESV6$~STKCKD$USESV7$~SHL$OSPACE$EBA8$MICROLIB$REQ8$PRES8$EABIv2 0x00000000   Number         0  anon$$obj.o ABSOLUTE
    __ARM_use_no_argv                        0x00000000   Number         0  main.o ABSOLUTE
    TM_DELAY_1msHandler                       - Undefined Weak Reference
    __cpp_initialize__aeabi_                  - Undefined Weak Reference
    __cxa_finalize                            - Undefined Weak Reference
    _clock_init                               - Undefined Weak Reference
    _microlib_exit                            - Undefined Weak Reference
    __Vectors_Size                           0x000001ac   Number         0  startup_stm32f429_439xx.o ABSOLUTE
    __Vectors                                0x08000000   Data           4  startup_stm32f429_439xx.o(RESET)
    __Vectors_End                            0x080001ac   Data           0  startup_stm32f429_439xx.o(RESET)
    __main                                   0x080001ad   Thumb Code     0  entry.o(.ARM.Collect$$$$00000000)
    _main_stk                                0x080001ad   Thumb Code     0  entry2.o(.ARM.Collect$$$$00000001)
    _main_scatterload                        0x080001b1   Thumb Code     0  entry5.o(.ARM.Collect$$$$00000004)
    __main_after_scatterload                 0x080001b5   Thumb Code     0  entry5.o(.ARM.Collect$$$$00000004)
    _main_clock                              0x080001b5   Thumb Code     0  entry7b.o(.ARM.Collect$$$$00000008)
    _main_cpp_init                           0x080001b5   Thumb Code     0  entry8b.o(.ARM.Collect$$$$0000000A)
    _main_init                               0x080001b5   Thumb Code     0  entry9a.o(.ARM.Collect$$$$0000000B)
    __rt_final_cpp                           0x080001bd   Thumb Code     0  entry10a.o(.ARM.Collect$$$$0000000D)
    __rt_final_exit                          0x080001bd   Thumb Code     0  entry11a.o(.ARM.Collect$$$$0000000F)
    Reset_Handler                            0x080001c1   Thumb Code     8  startup_stm32f429_439xx.o(.text)
    ADC_IRQHandler                           0x080001db   Thumb Code     0  startup_stm32f429_439xx.o(.text)
    CAN1_RX0_IRQHandler                      0x080001db   Thumb Code     0  startup_stm32f429_439xx.o(.text)
    CAN1_RX1_IRQHandler                      0x080001db   Thumb Code     0  startup_stm32f429_439xx.o(.text)
    CAN1_SCE_IRQHandler                      0x080001db   Thumb Code     0  startup_stm32f429_439xx.o(.text)
    CAN1_TX_IRQHandler                       0x080001db   Thumb Code     0  startup_stm32f429_439xx.o(.text)
    CAN2_RX0_IRQHandler                      0x080001db   Thumb Code     0  startup_stm32f429_439xx.o(.text)
    CAN2_RX1_IRQHandler                      0x080001db   Thumb Code     0  startup_stm32f429_439xx.o(.text)
    CAN2_SCE_IRQHandler                      0x080001db   Thumb Code     0  startup_stm32f429_439xx.o(.text)
    CAN2_TX_IRQHandler                       0x080001db   Thumb Code     0  startup_stm32f429_439xx.o(.text)
    CRYP_IRQHandler                          0x080001db   Thumb Code     0  startup_stm32f429_439xx.o(.text)
    DCMI_IRQHandler                          0x080001db   Thumb Code     0  startup_stm32f429_439xx.o(.text)
    DMA1_Stream0_IRQHandler                  0x080001db   Thumb Code     0  startup_stm32f429_439xx.o(.text)
    DMA1_Stream1_IRQHandler                  0x080001db   Thumb Code     0  startup_stm32f429_439xx.o(.text)
    DMA1_Stream2_IRQHandler                  0x080001db   Thumb Code     0  startup_stm32f429_439xx.o(.text)
    DMA1_Stream3_IRQHandler                  0x080001db   Thumb Code     0  startup_stm32f429_439xx.o(.text)
    DMA1_Stream4_IRQHandler                  0x080001db   Thumb Code     0  startup_stm32f429_439xx.o(.text)
    DMA1_Stream5_IRQHandler                  0x080001db   Thumb Code     0  startup_stm32f429_439xx.o(.text)
    DMA1_Stream6_IRQHandler                  0x080001db   Thumb Code     0  startup_stm32f429_439xx.o(.text)
    DMA1_Stream7_IRQHandler                  0x080001db   Thumb Code     0  startup_stm32f429_439xx.o(.text)
    DMA2D_IRQHandler                         0x080001db   Thumb Code     0  startup_stm32f429_439xx.o(.text)
    DMA2_Stream0_IRQHandler                  0x080001db   Thumb Code     0  startup_stm32f429_439xx.o(.text)
    DMA2_Stream1_IRQHandler                  0x080001db   Thumb Code     0  startup_stm32f429_439xx.o(.text)
    DMA2_Stream2_IRQHandler                  0x080001db   Thumb Code     0  startup_stm32f429_439xx.o(.text)
    DMA2_Stream3_IRQHandler                  0x080001db   Thumb Code     0  startup_stm32f429_439xx.o(.text)
    DMA2_Stream4_IRQHandler                  0x080001db   Thumb Code     0  startup_stm32f429_439xx.o(.text)
    DMA2_Stream5_IRQHandler                  0x080001db   Thumb Code     0  startup_stm32f429_439xx.o(.text)
    DMA2_Stream6_IRQHandler                  0x080001db   Thumb Code     0  startup_stm32f429_439xx.o(.text)
    DMA2_Stream7_IRQHandler                  0x080001db   Thumb Code     0  startup_stm32f429_439xx.o(.text)
    ETH_IRQHandler                           0x080001db   Thumb Code     0  startup_stm32f429_439xx.o(.text)
    ETH_WKUP_IRQHandler                      0x080001db   Thumb Code     0  startup_stm32f429_439xx.o(.text)
    EXTI0_IRQHandler                         0x080001db   Thumb Code     0  startup_stm32f429_439xx.o(.text)
    EXTI15_10_IRQHandler                     0x080001db   Thumb Code     0  startup_stm32f429_439xx.o(.text)
    EXTI1_IRQHandler                         0x080001db   Thumb Code     0  startup_stm32f429_439xx.o(.text)
    EXTI2_IRQHandler                         0x080001db   Thumb Code     0  startup_stm32f429_439xx.o(.text)
    EXTI3_IRQHandler                         0x080001db   Thumb Code     0  startup_stm32f429_439xx.o(.text)
    EXTI4_IRQHandler                         0x080001db   Thumb Code     0  startup_stm32f429_439xx.o(.text)
    EXTI9_5_IRQHandler                       0x080001db   Thumb Code     0  startup_stm32f429_439xx.o(.text)
    FLASH_IRQHandler                         0x080001db   Thumb Code     0  startup_stm32f429_439xx.o(.text)
    FMC_IRQHandler                           0x080001db   Thumb Code     0  startup_stm32f429_439xx.o(.text)
    FPU_IRQHandler                           0x080001db   Thumb Code     0  startup_stm32f429_439xx.o(.text)
    HASH_RNG_IRQHandler                      0x080001db   Thumb Code     0  startup_stm32f429_439xx.o(.text)
    I2C1_ER_IRQHandler                       0x080001db   Thumb Code     0  startup_stm32f429_439xx.o(.text)
    I2C1_EV_IRQHandler                       0x080001db   Thumb Code     0  startup_stm32f429_439xx.o(.text)
    I2C2_ER_IRQHandler                       0x080001db   Thumb Code     0  startup_stm32f429_439xx.o(.text)
    I2C2_EV_IRQHandler                       0x080001db   Thumb Code     0  startup_stm32f429_439xx.o(.text)
    I2C3_ER_IRQHandler                       0x080001db   Thumb Code     0  startup_stm32f429_439xx.o(.text)
    I2C3_EV_IRQHandler                       0x080001db   Thumb Code     0  startup_stm32f429_439xx.o(.text)
    LTDC_ER_IRQHandler                       0x080001db   Thumb Code     0  startup_stm32f429_439xx.o(.text)
    LTDC_IRQHandler                          0x080001db   Thumb Code     0  startup_stm32f429_439xx.o(.text)
    OTG_FS_IRQHandler                        0x080001db   Thumb Code     0  startup_stm32f429_439xx.o(.text)
    OTG_FS_WKUP_IRQHandler                   0x080001db   Thumb Code     0  startup_stm32f429_439xx.o(.text)
    PVD_IRQHandler                           0x080001db   Thumb Code     0  startup_stm32f429_439xx.o(.text)
    RCC_IRQHandler                           0x080001db   Thumb Code     0  startup_stm32f429_439xx.o(.text)
    RTC_Alarm_IRQHandler                     0x080001db   Thumb Code     0  startup_stm32f429_439xx.o(.text)
    RTC_WKUP_IRQHandler                      0x080001db   Thumb Code     0  startup_stm32f429_439xx.o(.text)
    SAI1_IRQHandler                          0x080001db   Thumb Code     0  startup_stm32f429_439xx.o(.text)
    SDIO_IRQHandler                          0x080001db   Thumb Code     0  startup_stm32f429_439xx.o(.text)
    SPI1_IRQHandler                          0x080001db   Thumb Code     0  startup_stm32f429_439xx.o(.text)
    SPI2_IRQHandler                          0x080001db   Thumb Code     0  startup_stm32f429_439xx.o(.text)
    SPI3_IRQHandler                          0x080001db   Thumb Code     0  startup_stm32f429_439xx.o(.text)
    SPI4_IRQHandler                          0x080001db   Thumb Code     0  startup_stm32f429_439xx.o(.text)
    SPI5_IRQHandler                          0x080001db   Thumb Code     0  startup_stm32f429_439xx.o(.text)
    SPI6_IRQHandler                          0x080001db   Thumb Code     0  startup_stm32f429_439xx.o(.text)
    TAMP_STAMP_IRQHandler                    0x080001db   Thumb Code     0  startup_stm32f429_439xx.o(.text)
    TIM1_BRK_TIM9_IRQHandler                 0x080001db   Thumb Code     0  startup_stm32f429_439xx.o(.text)
    TIM1_CC_IRQHandler                       0x080001db   Thumb Code     0  startup_stm32f429_439xx.o(.text)
    TIM1_TRG_COM_TIM11_IRQHandler            0x080001db   Thumb Code     0  startup_stm32f429_439xx.o(.text)
    TIM1_UP_TIM10_IRQHandler                 0x080001db   Thumb Code     0  startup_stm32f429_439xx.o(.text)
    TIM2_IRQHandler                          0x080001db   Thumb Code     0  startup_stm32f429_439xx.o(.text)
    TIM3_IRQHandler                          0x080001db   Thumb Code     0  startup_stm32f429_439xx.o(.text)
    TIM4_IRQHandler                          0x080001db   Thumb Code     0  startup_stm32f429_439xx.o(.text)
    TIM5_IRQHandler                          0x080001db   Thumb Code     0  startup_stm32f429_439xx.o(.text)
    TIM6_DAC_IRQHandler                      0x080001db   Thumb Code     0  startup_stm32f429_439xx.o(.text)
    TIM7_IRQHandler                          0x080001db   Thumb Code     0  startup_stm32f429_439xx.o(.text)
    TIM8_BRK_TIM12_IRQHandler                0x080001db   Thumb Code     0  startup_stm32f429_439xx.o(.text)
    TIM8_CC_IRQHandler                       0x080001db   Thumb Code     0  startup_stm32f429_439xx.o(.text)
    TIM8_TRG_COM_TIM14_IRQHandler            0x080001db   Thumb Code     0  startup_stm32f429_439xx.o(.text)
    TIM8_UP_TIM13_IRQHandler                 0x080001db   Thumb Code     0  startup_stm32f429_439xx.o(.text)
    UART4_IRQHandler                         0x080001db   Thumb Code     0  startup_stm32f429_439xx.o(.text)
    UART5_IRQHandler                         0x080001db   Thumb Code     0  startup_stm32f429_439xx.o(.text)
    UART7_IRQHandler                         0x080001db   Thumb Code     0  startup_stm32f429_439xx.o(.text)
    UART8_IRQHandler                         0x080001db   Thumb Code     0  startup_stm32f429_439xx.o(.text)
    USART1_IRQHandler                        0x080001db   Thumb Code     0  startup_stm32f429_439xx.o(.text)
    USART2_IRQHandler                        0x080001db   Thumb Code     0  startup_stm32f429_439xx.o(.text)
    USART3_IRQHandler                        0x080001db   Thumb Code     0  startup_stm32f429_439xx.o(.text)
    USART6_IRQHandler                        0x080001db   Thumb Code     0  startup_stm32f429_439xx.o(.text)
    WWDG_IRQHandler                          0x080001db   Thumb Code     0  startup_stm32f429_439xx.o(.text)
    NVIC_PriorityGroupConfig                 0x080001e5   Thumb Code    10  misc.o(.text)
    NVIC_Init                                0x080001ef   Thumb Code    96  misc.o(.text)
    NVIC_SetVectorTable                      0x0800024f   Thumb Code    14  misc.o(.text)
    NVIC_SystemLPConfig                      0x0800025d   Thumb Code    20  misc.o(.text)
    SysTick_CLKSourceConfig                  0x08000271   Thumb Code    24  misc.o(.text)
    RCC_DeInit                               0x08000295   Thumb Code    68  stm32f4xx_rcc.o(.text)
    RCC_HSEConfig                            0x080002d9   Thumb Code    12  stm32f4xx_rcc.o(.text)
    RCC_GetFlagStatus                        0x080002e5   Thumb Code    46  stm32f4xx_rcc.o(.text)
    RCC_WaitForHSEStartUp                    0x08000313   Thumb Code    44  stm32f4xx_rcc.o(.text)
    RCC_AdjustHSICalibrationValue            0x0800033f   Thumb Code    16  stm32f4xx_rcc.o(.text)
    RCC_HSICmd                               0x0800034f   Thumb Code     6  stm32f4xx_rcc.o(.text)
    RCC_LSEConfig                            0x08000355   Thumb Code    24  stm32f4xx_rcc.o(.text)
    RCC_LSICmd                               0x0800036d   Thumb Code     6  stm32f4xx_rcc.o(.text)
    RCC_PLLConfig                            0x08000373   Thumb Code    32  stm32f4xx_rcc.o(.text)
    RCC_PLLCmd                               0x08000393   Thumb Code     6  stm32f4xx_rcc.o(.text)
    RCC_PLLI2SConfig                         0x08000399   Thumb Code    18  stm32f4xx_rcc.o(.text)
    RCC_PLLI2SCmd                            0x080003ab   Thumb Code     6  stm32f4xx_rcc.o(.text)
    RCC_PLLSAIConfig                         0x080003b1   Thumb Code    18  stm32f4xx_rcc.o(.text)
    RCC_PLLSAICmd                            0x080003c3   Thumb Code     6  stm32f4xx_rcc.o(.text)
    RCC_ClockSecuritySystemCmd               0x080003c9   Thumb Code     6  stm32f4xx_rcc.o(.text)
    RCC_MCO1Config                           0x080003cf   Thumb Code    18  stm32f4xx_rcc.o(.text)
    RCC_MCO2Config                           0x080003e1   Thumb Code    18  stm32f4xx_rcc.o(.text)
    RCC_SYSCLKConfig                         0x080003f3   Thumb Code    16  stm32f4xx_rcc.o(.text)
    RCC_GetSYSCLKSource                      0x08000403   Thumb Code    12  stm32f4xx_rcc.o(.text)
    RCC_HCLKConfig                           0x0800040f   Thumb Code    16  stm32f4xx_rcc.o(.text)
    RCC_PCLK1Config                          0x0800041f   Thumb Code    16  stm32f4xx_rcc.o(.text)
    RCC_PCLK2Config                          0x0800042f   Thumb Code    18  stm32f4xx_rcc.o(.text)
    RCC_GetClocksFreq                        0x08000441   Thumb Code   134  stm32f4xx_rcc.o(.text)
    RCC_RTCCLKConfig                         0x080004c7   Thumb Code    42  stm32f4xx_rcc.o(.text)
    RCC_RTCCLKCmd                            0x080004f1   Thumb Code     8  stm32f4xx_rcc.o(.text)
    RCC_BackupResetCmd                       0x080004f9   Thumb Code     8  stm32f4xx_rcc.o(.text)
    RCC_I2SCLKConfig                         0x08000501   Thumb Code     8  stm32f4xx_rcc.o(.text)
    RCC_SAIBlockACLKConfig                   0x08000509   Thumb Code    16  stm32f4xx_rcc.o(.text)
    RCC_SAIBlockBCLKConfig                   0x08000519   Thumb Code    16  stm32f4xx_rcc.o(.text)
    RCC_SAIPLLI2SClkDivConfig                0x08000529   Thumb Code    18  stm32f4xx_rcc.o(.text)
    RCC_SAIPLLSAIClkDivConfig                0x0800053b   Thumb Code    24  stm32f4xx_rcc.o(.text)
    RCC_LTDCCLKDivConfig                     0x08000553   Thumb Code    16  stm32f4xx_rcc.o(.text)
    RCC_TIMCLKPresConfig                     0x08000563   Thumb Code     8  stm32f4xx_rcc.o(.text)
    RCC_AHB1PeriphClockCmd                   0x0800056b   Thumb Code    20  stm32f4xx_rcc.o(.text)
    RCC_AHB2PeriphClockCmd                   0x0800057f   Thumb Code    20  stm32f4xx_rcc.o(.text)
    RCC_AHB3PeriphClockCmd                   0x08000593   Thumb Code    20  stm32f4xx_rcc.o(.text)
    RCC_APB1PeriphClockCmd                   0x080005a7   Thumb Code    20  stm32f4xx_rcc.o(.text)
    RCC_APB2PeriphClockCmd                   0x080005bb   Thumb Code    20  stm32f4xx_rcc.o(.text)
    RCC_AHB1PeriphResetCmd                   0x080005cf   Thumb Code    20  stm32f4xx_rcc.o(.text)
    RCC_AHB2PeriphResetCmd                   0x080005e3   Thumb Code    20  stm32f4xx_rcc.o(.text)
    RCC_AHB3PeriphResetCmd                   0x080005f7   Thumb Code    20  stm32f4xx_rcc.o(.text)
    RCC_APB1PeriphResetCmd                   0x0800060b   Thumb Code    20  stm32f4xx_rcc.o(.text)
    RCC_APB2PeriphResetCmd                   0x0800061f   Thumb Code    20  stm32f4xx_rcc.o(.text)
    RCC_AHB1PeriphClockLPModeCmd             0x08000633   Thumb Code    20  stm32f4xx_rcc.o(.text)
    RCC_AHB2PeriphClockLPModeCmd             0x08000647   Thumb Code    20  stm32f4xx_rcc.o(.text)
    RCC_AHB3PeriphClockLPModeCmd             0x0800065b   Thumb Code    20  stm32f4xx_rcc.o(.text)
    RCC_APB1PeriphClockLPModeCmd             0x0800066f   Thumb Code    64  stm32f4xx_rcc.o(.text)
    RCC_APB2PeriphClockLPModeCmd             0x080006af   Thumb Code    18  stm32f4xx_rcc.o(.text)
    RCC_LSEModeConfig                        0x080006c1   Thumb Code    24  stm32f4xx_rcc.o(.text)
    RCC_ITConfig                             0x080006d9   Thumb Code    20  stm32f4xx_rcc.o(.text)
    RCC_ClearFlag                            0x080006ed   Thumb Code    14  stm32f4xx_rcc.o(.text)
    RCC_GetITStatus                          0x080006fb   Thumb Code    18  stm32f4xx_rcc.o(.text)
    RCC_ClearITPendingBit                    0x0800070d   Thumb Code     8  stm32f4xx_rcc.o(.text)
    GPIO_DeInit                              0x08000719   Thumb Code   216  stm32f4xx_gpio.o(.text)
    GPIO_Init                                0x080007f1   Thumb Code   120  stm32f4xx_gpio.o(.text)
    GPIO_StructInit                          0x08000869   Thumb Code    18  stm32f4xx_gpio.o(.text)
    GPIO_PinLockConfig                       0x0800087b   Thumb Code    24  stm32f4xx_gpio.o(.text)
    GPIO_ReadInputDataBit                    0x08000893   Thumb Code    14  stm32f4xx_gpio.o(.text)
    GPIO_ReadInputData                       0x080008a1   Thumb Code     6  stm32f4xx_gpio.o(.text)
    GPIO_ReadOutputDataBit                   0x080008a7   Thumb Code    14  stm32f4xx_gpio.o(.text)
    GPIO_ReadOutputData                      0x080008b5   Thumb Code     6  stm32f4xx_gpio.o(.text)
    GPIO_SetBits                             0x080008bb   Thumb Code     4  stm32f4xx_gpio.o(.text)
    GPIO_ResetBits                           0x080008bf   Thumb Code     4  stm32f4xx_gpio.o(.text)
    GPIO_WriteBit                            0x080008c3   Thumb Code    10  stm32f4xx_gpio.o(.text)
    GPIO_Write                               0x080008cd   Thumb Code     4  stm32f4xx_gpio.o(.text)
    GPIO_ToggleBits                          0x080008d1   Thumb Code     8  stm32f4xx_gpio.o(.text)
    GPIO_PinAFConfig                         0x080008d9   Thumb Code    32  stm32f4xx_gpio.o(.text)
    EXTI_DeInit                              0x08000925   Thumb Code    28  stm32f4xx_exti.o(.text)
    EXTI_Init                                0x08000941   Thumb Code   108  stm32f4xx_exti.o(.text)
    EXTI_StructInit                          0x080009ad   Thumb Code    14  stm32f4xx_exti.o(.text)
    EXTI_GenerateSWInterrupt                 0x080009bb   Thumb Code    12  stm32f4xx_exti.o(.text)
    EXTI_GetFlagStatus                       0x080009c7   Thumb Code    18  stm32f4xx_exti.o(.text)
    EXTI_ClearFlag                           0x080009d9   Thumb Code     8  stm32f4xx_exti.o(.text)
    EXTI_GetITStatus                         0x080009e1   Thumb Code    18  stm32f4xx_exti.o(.text)
    EXTI_ClearITPendingBit                   0x080009f3   Thumb Code     8  stm32f4xx_exti.o(.text)
    TimingDelay_Decrement                    0x08000a05   Thumb Code    26  tm_stm32f4_delay.o(.text)
    TM_DELAY_Init                            0x08000a1f   Thumb Code    82  tm_stm32f4_delay.o(.text)
    TM_DELAY_EnableDelayTimer                0x08000a71   Thumb Code    22  tm_stm32f4_delay.o(.text)
    TM_DELAY_DisableDelayTimer               0x08000a87   Thumb Code    14  tm_stm32f4_delay.o(.text)
    TM_DISCO_LedInit                         0x08000aa5   Thumb Code    48  tm_stm32f4_disco.o(.text)
    TM_DISCO_ButtonInit                      0x08000ad5   Thumb Code    44  tm_stm32f4_disco.o(.text)
    TM_DISCO_ButtonOnPressed                 0x08000b01   Thumb Code    26  tm_stm32f4_disco.o(.text)
    TM_DISCO_ButtonOnReleased                0x08000b1b   Thumb Code    26  tm_stm32f4_disco.o(.text)
    TM_USB_HIDDEVICE_Init                    0x08000b41   Thumb Code    26  tm_stm32f4_usb_hid_device.o(.text)
    TM_USB_HIDDEVICE_GetStatus               0x08000b5b   Thumb Code     6  tm_stm32f4_usb_hid_device.o(.text)
    TM_USB_HIDDEVICE_MouseStructInit         0x08000b61   Thumb Code    20  tm_stm32f4_usb_hid_device.o(.text)
    TM_USB_HIDDEVICE_MouseSend               0x08000b75   Thumb Code    86  tm_stm32f4_usb_hid_device.o(.text)
    TM_USB_HIDDEVICE_MouseReleaseAll         0x08000bcb   Thumb Code    38  tm_stm32f4_usb_hid_device.o(.text)
    TM_USB_HIDDEVICE_GamepadStructInit       0x08000bf1   Thumb Code    48  tm_stm32f4_usb_hid_device.o(.text)
    TM_USB_HIDDEVICE_GamepadSend             0x08000c21   Thumb Code   226  tm_stm32f4_usb_hid_device.o(.text)
    TM_USB_HIDDEVICE_GamepadReleaseAll       0x08000d03   Thumb Code    38  tm_stm32f4_usb_hid_device.o(.text)
    TM_USB_HIDDEVICE_KeyboardStructInit      0x08000d29   Thumb Code    36  tm_stm32f4_usb_hid_device.o(.text)
    TM_USB_HIDDEVICE_KeyboardSend            0x08000d4d   Thumb Code   164  tm_stm32f4_usb_hid_device.o(.text)
    TM_USB_HIDDEVICE_KeyboardReleaseAll      0x08000df1   Thumb Code    42  tm_stm32f4_usb_hid_device.o(.text)
    TM_USB_HIDDEVICE_SendCustom              0x08000e1b   Thumb Code    28  tm_stm32f4_usb_hid_device.o(.text)
    NMI_Handler                              0x08000e4d   Thumb Code     2  stm32f4xx_it.o(.text)
    HardFault_Handler                        0x08000e4f   Thumb Code     2  stm32f4xx_it.o(.text)
    MemManage_Handler                        0x08000e51   Thumb Code     2  stm32f4xx_it.o(.text)
    BusFault_Handler                         0x08000e53   Thumb Code     2  stm32f4xx_it.o(.text)
    UsageFault_Handler                       0x08000e55   Thumb Code     2  stm32f4xx_it.o(.text)
    SVC_Handler                              0x08000e57   Thumb Code     2  stm32f4xx_it.o(.text)
    DebugMon_Handler                         0x08000e59   Thumb Code     2  stm32f4xx_it.o(.text)
    PendSV_Handler                           0x08000e5b   Thumb Code     2  stm32f4xx_it.o(.text)
    SysTick_Handler                          0x08000e5f   Thumb Code     8  stm32f4xx_it.o(.text)
    SystemInit                               0x08000f27   Thumb Code    74  system_stm32f4xx.o(.text)
    SystemCoreClockUpdate                    0x08000f71   Thumb Code   108  system_stm32f4xx.o(.text)
    main                                     0x08001001   Thumb Code   138  main.o(.text)
    USB_OTG_BSP_Init                         0x08001095   Thumb Code   216  usb_bsp.o(.text)
    USB_OTG_BSP_EnableInterrupt              0x0800116d   Thumb Code   104  usb_bsp.o(.text)
    USB_OTG_BSP_uDelay                       0x080011d5   Thumb Code    22  usb_bsp.o(.text)
    USB_OTG_BSP_mDelay                       0x080011eb   Thumb Code     8  usb_bsp.o(.text)
    OTG_HS_WKUP_IRQHandler                   0x080011f3   Thumb Code    82  usb_bsp.o(.text)
    OTG_HS_IRQHandler                        0x08001245   Thumb Code     6  usb_bsp.o(.text)
    OTG_HS_EP1_IN_IRQHandler                 0x0800124b   Thumb Code     6  usb_bsp.o(.text)
    OTG_HS_EP1_OUT_IRQHandler                0x08001251   Thumb Code     6  usb_bsp.o(.text)
    USB_OTG_WritePacket                      0x080012bd   Thumb Code    40  usb_core.o(.text)
    USB_OTG_ReadPacket                       0x080012e5   Thumb Code    32  usb_core.o(.text)
    USB_OTG_SelectCore                       0x08001305   Thumb Code   194  usb_core.o(.text)
    USB_OTG_CoreInit                         0x080013c7   Thumb Code   128  usb_core.o(.text)
    USB_OTG_EnableGlobalInt                  0x08001447   Thumb Code    16  usb_core.o(.text)
    USB_OTG_DisableGlobalInt                 0x08001457   Thumb Code    16  usb_core.o(.text)
    USB_OTG_FlushTxFifo                      0x08001467   Thumb Code    62  usb_core.o(.text)
    USB_OTG_FlushRxFifo                      0x080014a5   Thumb Code    54  usb_core.o(.text)
    USB_OTG_SetCurrentMode                   0x080014db   Thumb Code    42  usb_core.o(.text)
    USB_OTG_GetMode                          0x08001505   Thumb Code    10  usb_core.o(.text)
    USB_OTG_IsDeviceMode                     0x0800150f   Thumb Code    18  usb_core.o(.text)
    USB_OTG_IsHostMode                       0x08001521   Thumb Code    14  usb_core.o(.text)
    USB_OTG_ReadCoreItr                      0x0800152f   Thumb Code    10  usb_core.o(.text)
    USB_OTG_ReadOtgItr                       0x08001539   Thumb Code     6  usb_core.o(.text)
    USB_OTG_InitDevSpeed                     0x0800153f   Thumb Code    12  usb_core.o(.text)
    USB_OTG_EnableDevInt                     0x0800154b   Thumb Code    74  usb_core.o(.text)
    USB_OTG_CoreInitDev                      0x08001595   Thumb Code   348  usb_core.o(.text)
    USB_OTG_GetDeviceSpeed                   0x080016f1   Thumb Code    38  usb_core.o(.text)
    USB_OTG_EP0Activate                      0x08001717   Thumb Code    58  usb_core.o(.text)
    USB_OTG_EPActivate                       0x08001751   Thumb Code   104  usb_core.o(.text)
    USB_OTG_EPDeactivate                     0x080017b9   Thumb Code    78  usb_core.o(.text)
    USB_OTG_EPStartXfer                      0x08001807   Thumb Code   298  usb_core.o(.text)
    USB_OTG_EP0StartXfer                     0x08001931   Thumb Code   184  usb_core.o(.text)
    USB_OTG_EPSetStall                       0x080019e9   Thumb Code    48  usb_core.o(.text)
    USB_OTG_EPClearStall                     0x08001a19   Thumb Code    50  usb_core.o(.text)
    USB_OTG_ReadDevAllOutEp_itr              0x08001a4b   Thumb Code    12  usb_core.o(.text)
    USB_OTG_ReadDevOutEP_itr                 0x08001a57   Thumb Code    16  usb_core.o(.text)
    USB_OTG_ReadDevAllInEPItr                0x08001a67   Thumb Code    12  usb_core.o(.text)
    USB_OTG_EP0_OutStart                     0x08001a73   Thumb Code    32  usb_core.o(.text)
    USB_OTG_ActiveRemoteWakeup               0x08001a93   Thumb Code    66  usb_core.o(.text)
    USB_OTG_UngateClock                      0x08001ad5   Thumb Code    30  usb_core.o(.text)
    USB_OTG_StopDevice                       0x08001af3   Thumb Code    72  usb_core.o(.text)
    USB_OTG_GetEPStatus                      0x08001b3b   Thumb Code    66  usb_core.o(.text)
    USB_OTG_SetEPStatus                      0x08001b7d   Thumb Code   106  usb_core.o(.text)
    DCD_Init                                 0x08001bed   Thumb Code   146  usb_dcd.o(.text)
    DCD_EP_Open                              0x08001c7f   Thumb Code    60  usb_dcd.o(.text)
    DCD_EP_Close                             0x08001cbb   Thumb Code    44  usb_dcd.o(.text)
    DCD_EP_PrepareRx                         0x08001ce7   Thumb Code    68  usb_dcd.o(.text)
    DCD_EP_Tx                                0x08001d2b   Thumb Code    62  usb_dcd.o(.text)
    DCD_EP_Stall                             0x08001d69   Thumb Code    56  usb_dcd.o(.text)
    DCD_EP_ClrStall                          0x08001da1   Thumb Code    56  usb_dcd.o(.text)
    DCD_EP_Flush                             0x08001dd9   Thumb Code    24  usb_dcd.o(.text)
    DCD_EP_SetAddress                        0x08001df1   Thumb Code    16  usb_dcd.o(.text)
    DCD_DevConnect                           0x08001e01   Thumb Code    16  usb_dcd.o(.text)
    DCD_DevDisconnect                        0x08001e11   Thumb Code    16  usb_dcd.o(.text)
    DCD_GetEPStatus                          0x08001e21   Thumb Code    38  usb_dcd.o(.text)
    DCD_SetEPStatus                          0x08001e47   Thumb Code    38  usb_dcd.o(.text)
    USBD_OTG_EP1OUT_ISR_Handler              0x08001e6d   Thumb Code    74  usb_dcd_int.o(.text)
    USBD_OTG_EP1IN_ISR_Handler               0x08001f29   Thumb Code   116  usb_dcd_int.o(.text)
    USBD_OTG_ISR_Handler                     0x08002063   Thumb Code   368  usb_dcd_int.o(.text)
    USBD_DeInit                              0x080023f1   Thumb Code     4  usbd_core.o(.text)
    USBD_Init                                0x080023f5   Thumb Code    52  usbd_core.o(.text)
    USBD_SetCfg                              0x08002601   Thumb Code    26  usbd_core.o(.text)
    USBD_ClrCfg                              0x0800261b   Thumb Code    14  usbd_core.o(.text)
    USBD_USR_DeviceDescriptor                0x08002681   Thumb Code     8  usbd_desc.o(.text)
    USBD_USR_LangIDStrDescriptor             0x08002689   Thumb Code    10  usbd_desc.o(.text)
    USBD_USR_ProductStrDescriptor            0x08002693   Thumb Code    22  usbd_desc.o(.text)
    USBD_USR_ManufacturerStrDescriptor       0x080026a9   Thumb Code    16  usbd_desc.o(.text)
    USBD_USR_SerialStrDescriptor             0x080026b9   Thumb Code    22  usbd_desc.o(.text)
    USBD_USR_ConfigStrDescriptor             0x080026cf   Thumb Code    16  usbd_desc.o(.text)
    USBD_USR_InterfaceStrDescriptor          0x080026df   Thumb Code    16  usbd_desc.o(.text)
    USBD_HID_SendReport                      0x0800285b   Thumb Code    24  usbd_hid_core.o(.text)
    USBD_CtlSendData                         0x0800288d   Thumb Code    32  usbd_ioreq.o(.text)
    USBD_CtlContinueSendData                 0x080028ad   Thumb Code    18  usbd_ioreq.o(.text)
    USBD_CtlPrepareRx                        0x080028bf   Thumb Code    32  usbd_ioreq.o(.text)
    USBD_CtlContinueRx                       0x080028df   Thumb Code    18  usbd_ioreq.o(.text)
    USBD_CtlSendStatus                       0x080028f1   Thumb Code    34  usbd_ioreq.o(.text)
    USBD_CtlReceiveStatus                    0x08002913   Thumb Code    34  usbd_ioreq.o(.text)
    USBD_GetRxCount                          0x08002935   Thumb Code    16  usbd_ioreq.o(.text)
    USBD_CtlError                            0x08002945   Thumb Code    28  usbd_req.o(.text)
    USBD_StdDevReq                           0x08002aef   Thumb Code   236  usbd_req.o(.text)
    USBD_StdItfReq                           0x08002bdb   Thumb Code    54  usbd_req.o(.text)
    USBD_StdEPReq                            0x08002c11   Thumb Code   208  usbd_req.o(.text)
    USBD_ParseSetupRequest                   0x08002ce1   Thumb Code    68  usbd_req.o(.text)
    USBD_GetString                           0x08002d25   Thumb Code    78  usbd_req.o(.text)
    USBD_USR_Init                            0x08002ded   Thumb Code     8  usbd_usr.o(.text)
    USBD_USR_DeviceReset                     0x08002df5   Thumb Code     8  usbd_usr.o(.text)
    USBD_USR_DeviceConfigured                0x08002dfd   Thumb Code     8  usbd_usr.o(.text)
    USBD_USR_DeviceConnected                 0x08002e05   Thumb Code     8  usbd_usr.o(.text)
    USBD_USR_DeviceDisconnected              0x08002e0d   Thumb Code     8  usbd_usr.o(.text)
    USBD_USR_DeviceSuspended                 0x08002e15   Thumb Code     8  usbd_usr.o(.text)
    USBD_USR_DeviceResumed                   0x08002e1d   Thumb Code     8  usbd_usr.o(.text)
    __scatterload                            0x08002e29   Thumb Code    28  init.o(.text)
    __scatterload_rt2                        0x08002e29   Thumb Code     0  init.o(.text)
    __decompress                             0x08002e4d   Thumb Code     0  __dczerorl2.o(.text)
    __decompress1                            0x08002e4d   Thumb Code    86  __dczerorl2.o(.text)
    __scatterload_copy                       0x08002ea3   Thumb Code    14  handlers.o(i.__scatterload_copy)
    __scatterload_null                       0x08002eb1   Thumb Code     2  handlers.o(i.__scatterload_null)
    __scatterload_zeroinit                   0x08002eb3   Thumb Code    14  handlers.o(i.__scatterload_zeroinit)
    Region$$Table$$Base                      0x08002ec0   Number         0  anon$$obj.o(Region$$Table)
    Region$$Table$$Limit                     0x08002ee0   Number         0  anon$$obj.o(Region$$Table)
    TM_DELAY_Initialized                     0x20000010   Data           1  tm_stm32f4_delay.o(.data)
    TM_Time                                  0x20000014   Data           4  tm_stm32f4_delay.o(.data)
    TM_Time2                                 0x20000018   Data           4  tm_stm32f4_delay.o(.data)
    mult                                     0x2000001c   Data           4  tm_stm32f4_delay.o(.data)
    TM_INT_DISCO_ButtonPressed               0x20000020   Data           1  tm_stm32f4_disco.o(.data)
    SystemCoreClock                          0x20000024   Data           4  system_stm32f4xx.o(.data)
    AHBPrescTable                            0x20000028   Data          16  system_stm32f4xx.o(.data)
    USBD_DCD_INT_cb                          0x20000038   Data          44  usbd_core.o(.data)
    USBD_DCD_INT_fops                        0x20000064   Data           4  usbd_core.o(.data)
    SET_TEST_MODE                            0x20000068   Data           4  usbd_core.o(.data)
    USR_desc                                 0x2000006c   Data          28  usbd_desc.o(.data)
    USBD_LangIDDesc                          0x20000088   Data           4  usbd_desc.o(.data)
    USBD_DeviceDesc                          0x2000008c   Data          18  usbd_desc.o(.data)
    USBD_DeviceQualifierDesc                 0x200000a0   Data          10  usbd_desc.o(.data)
    USBD_HID_cb                              0x200000ac   Data          48  usbd_hid_core.o(.data)
    USBD_ep_status                           0x200001e4   Data           4  usbd_req.o(.data)
    USBD_default_cfg                         0x200001e8   Data           4  usbd_req.o(.data)
    USBD_cfg_status                          0x200001ec   Data           4  usbd_req.o(.data)
    USR_cb                                   0x200001f0   Data          28  usbd_usr.o(.data)
    TM_USB_HIDDEVICE_INT_Status              0x2000020c   Data           1  usbd_usr.o(.data)
    USBD_StrDesc                             0x20000210   Data          64  usbd_req.o(.bss)
    USB_OTG_dev                              0x20000250   Data        1524  usbd_usr.o(.bss)
    __initial_sp                             0x20000c48   Data           0  startup_stm32f429_439xx.o(STACK)



==============================================================================

Memory Map of the image

  Image Entry point : 0x080001ad

  Load Region LR_IROM1 (Base: 0x08000000, Size: 0x000030f0, Max: 0x00200000, ABSOLUTE, COMPRESSED[0x0000301c])

    Execution Region ER_IROM1 (Base: 0x08000000, Size: 0x00002ee0, Max: 0x00200000, ABSOLUTE)

    Base Addr    Size         Type   Attr      Idx    E Section Name        Object

    0x08000000   0x000001ac   Data   RO            3    RESET               startup_stm32f429_439xx.o
    0x080001ac   0x00000000   Code   RO          792  * .ARM.Collect$$$$00000000  mc_w.l(entry.o)
    0x080001ac   0x00000004   Code   RO          795    .ARM.Collect$$$$00000001  mc_w.l(entry2.o)
    0x080001b0   0x00000004   Code   RO          798    .ARM.Collect$$$$00000004  mc_w.l(entry5.o)
    0x080001b4   0x00000000   Code   RO          800    .ARM.Collect$$$$00000008  mc_w.l(entry7b.o)
    0x080001b4   0x00000000   Code   RO          802    .ARM.Collect$$$$0000000A  mc_w.l(entry8b.o)
    0x080001b4   0x00000008   Code   RO          803    .ARM.Collect$$$$0000000B  mc_w.l(entry9a.o)
    0x080001bc   0x00000000   Code   RO          805    .ARM.Collect$$$$0000000D  mc_w.l(entry10a.o)
    0x080001bc   0x00000000   Code   RO          807    .ARM.Collect$$$$0000000F  mc_w.l(entry11a.o)
    0x080001bc   0x00000004   Code   RO          796    .ARM.Collect$$$$00002712  mc_w.l(entry2.o)
    0x080001c0   0x00000024   Code   RO            4    .text               startup_stm32f429_439xx.o
    0x080001e4   0x000000b0   Code   RO           13    .text               misc.o
    0x08000294   0x00000484   Code   RO          151    .text               stm32f4xx_rcc.o
    0x08000718   0x0000020c   Code   RO          177    .text               stm32f4xx_gpio.o
    0x08000924   0x000000e0   Code   RO          201    .text               stm32f4xx_exti.o
    0x08000a04   0x000000a0   Code   RO          225    .text               tm_stm32f4_delay.o
    0x08000aa4   0x0000009c   Code   RO          266    .text               tm_stm32f4_disco.o
    0x08000b40   0x0000030c   Code   RO          325    .text               tm_stm32f4_usb_hid_device.o
    0x08000e4c   0x0000001a   Code   RO          392    .text               stm32f4xx_it.o
    0x08000e66   0x00000002   PAD
    0x08000e68   0x00000198   Code   RO          419    .text               system_stm32f4xx.o
    0x08001000   0x00000094   Code   RO          449    .text               main.o
    0x08001094   0x000001d4   Code   RO          477    .text               usb_bsp.o
    0x08001268   0x00000984   Code   RO          509    .text               usb_core.o
    0x08001bec   0x00000280   Code   RO          534    .text               usb_dcd.o
    0x08001e6c   0x00000584   Code   RO          558    .text               usb_dcd_int.o
    0x080023f0   0x00000290   Code   RO          582    .text               usbd_core.o
    0x08002680   0x00000108   Code   RO          618    .text               usbd_desc.o
    0x08002788   0x00000104   Code   RO          651    .text               usbd_hid_core.o
    0x0800288c   0x000000b8   Code   RO          682    .text               usbd_ioreq.o
    0x08002944   0x000004a8   Code   RO          706    .text               usbd_req.o
    0x08002dec   0x0000003c   Code   RO          739    .text               usbd_usr.o
    0x08002e28   0x00000024   Code   RO          809    .text               mc_w.l(init.o)
    0x08002e4c   0x00000056   Code   RO          819    .text               mc_w.l(__dczerorl2.o)
    0x08002ea2   0x0000000e   Code   RO          813    i.__scatterload_copy  mc_w.l(handlers.o)
    0x08002eb0   0x00000002   Code   RO          814    i.__scatterload_null  mc_w.l(handlers.o)
    0x08002eb2   0x0000000e   Code   RO          815    i.__scatterload_zeroinit  mc_w.l(handlers.o)
    0x08002ec0   0x00000020   Data   RO          811    Region$$Table       anon$$obj.o


    Execution Region RW_IRAM1 (Base: 0x20000000, Size: 0x00000c48, Max: 0x00030000, ABSOLUTE, COMPRESSED[0x0000013c])

    Base Addr    Size         Type   Attr      Idx    E Section Name        Object

    0x20000000   0x00000010   Data   RW          152    .data               stm32f4xx_rcc.o
    0x20000010   0x00000010   Data   RW          227    .data               tm_stm32f4_delay.o
    0x20000020   0x00000001   Data   RW          267    .data               tm_stm32f4_disco.o
    0x20000021   0x00000003   PAD
    0x20000024   0x00000014   Data   RW          420    .data               system_stm32f4xx.o
    0x20000038   0x0000002c   Data   RW          583    .data               usbd_core.o
    0x20000064   0x00000004   Data   RW          584    .data               usbd_core.o
    0x20000068   0x00000004   Data   RW          585    .data               usbd_core.o
    0x2000006c   0x0000001c   Data   RW          619    .data               usbd_desc.o
    0x20000088   0x00000016   Data   RW          620    .data               usbd_desc.o
    0x2000009e   0x00000002   PAD
    0x200000a0   0x0000000a   Data   RW          621    .data               usbd_desc.o
    0x200000aa   0x00000002   PAD
    0x200000ac   0x00000030   Data   RW          652    .data               usbd_hid_core.o
    0x200000dc   0x00000101   Data   RW          653    .data               usbd_hid_core.o
    0x200001dd   0x00000003   PAD
    0x200001e0   0x00000010   Data   RW          708    .data               usbd_req.o
    0x200001f0   0x0000001c   Data   RW          741    .data               usbd_usr.o
    0x2000020c   0x00000001   Data   RW          742    .data               usbd_usr.o
    0x2000020d   0x00000003   PAD
    0x20000210   0x00000040   Zero   RW          707    .bss                usbd_req.o
    0x20000250   0x000005f4   Zero   RW          740    .bss                usbd_usr.o
    0x20000844   0x00000004   PAD
    0x20000848   0x00000400   Zero   RW            1    STACK               startup_stm32f429_439xx.o


==============================================================================

Image component sizes


      Code (inc. data)   RO Data    RW Data    ZI Data      Debug   Object Name

       148         10          0          0          0        791   main.o
       176         12          0          0          0     273769   misc.o
        36          8        428          0       1024       1080   startup_stm32f429_439xx.o
       224         10          0          0          0       2839   stm32f4xx_exti.o
       524         44          0          0          0       4917   stm32f4xx_gpio.o
        26          0          0          0          0       1504   stm32f4xx_it.o
      1156         48          0         16          0      13940   stm32f4xx_rcc.o
       408         36          0         20          0       2119   system_stm32f4xx.o
       160         16          0         16          0      28698   tm_stm32f4_delay.o
       156         12          0          1          0       2039   tm_stm32f4_disco.o
       780         22          0          0          0      26363   tm_stm32f4_usb_hid_device.o
       468         18          0          0          0       2895   usb_bsp.o
      2436         18          0          0          0      13978   usb_core.o
       640          0          0          0          0       4620   usb_dcd.o
      1412         20          0          0          0       6306   usb_dcd_int.o
       656          6          0         52          0       6068   usbd_core.o
       264        154          0         60          0       3864   usbd_desc.o
       260          4          0        305          0       3160   usbd_hid_core.o
       184          0          0          0          0       2806   usbd_ioreq.o
      1192         42          0         16         64       5977   usbd_req.o
        60          4          0         29       1524      18677   usbd_usr.o

    ----------------------------------------------------------------------
     11368        484        460        528       2616     426410   Object Totals
         0          0         32          0          0          0   (incl. Generated)
         2          0          0         13          4          0   (incl. Padding)

    ----------------------------------------------------------------------

      Code (inc. data)   RO Data    RW Data    ZI Data      Debug   Library Member Name

        86          0          0          0          0          0   __dczerorl2.o
         0          0          0          0          0          0   entry.o
         0          0          0          0          0          0   entry10a.o
         0          0          0          0          0          0   entry11a.o
         8          4          0          0          0          0   entry2.o
         4          0          0          0          0          0   entry5.o
         0          0          0          0          0          0   entry7b.o
         0          0          0          0          0          0   entry8b.o
         8          4          0          0          0          0   entry9a.o
        30          0          0          0          0          0   handlers.o
        36          8          0          0          0         68   init.o

    ----------------------------------------------------------------------
       172         16          0          0          0         68   Library Totals
         0          0          0          0          0          0   (incl. Padding)

    ----------------------------------------------------------------------

      Code (inc. data)   RO Data    RW Data    ZI Data      Debug   Library Name

       172         16          0          0          0         68   mc_w.l

    ----------------------------------------------------------------------
       172         16          0          0          0         68   Library Totals

    ----------------------------------------------------------------------

==============================================================================


      Code (inc. data)   RO Data    RW Data    ZI Data      Debug   

     11540        500        460        528       2616     422562   Grand Totals
     11540        500        460        316       2616     422562   ELF Image Totals (compressed)
     11540        500        460        316          0          0   ROM Totals

==============================================================================

    Total RO  Size (Code + RO Data)                12000 (  11.72kB)
    Total RW  Size (RW Data + ZI Data)              3144 (   3.07kB)
    Total ROM Size (Code + RO Data + RW Data)      12316 (  12.03kB)

==============================================================================

